This is pdfTeX, Version 3.141592653-2.6-1.40.28 (TeX Live 2025) (preloaded format=pdflatex 2026.2.24)  25 MAY 2026 14:24
entering extended mode
 restricted \write18 enabled.
 %&-line parsing enabled.
**thesis.tex
(./thesis.tex
LaTeX2e <2025-11-01>
L3 programming layer <2025-11-06>
(/usr/local/texlive/2025/texmf-dist/tex/latex/base/report.cls
Document Class: report 2025/01/22 v1.4n Standard LaTeX document class
(/usr/local/texlive/2025/texmf-dist/tex/latex/base/size12.clo
File: size12.clo 2025/01/22 v1.4n Standard LaTeX file (size option)
)
\c@part=\count275
\c@chapter=\count276
\c@section=\count277
\c@subsection=\count278
\c@subsubsection=\count279
\c@paragraph=\count280
\c@subparagraph=\count281
\c@figure=\count282
\c@table=\count283
\abovecaptionskip=\skip49
\belowcaptionskip=\skip50
\bibindent=\dimen148
) (/usr/local/texlive/2025/texmf-dist/tex/latex/base/inputenc.sty
Package: inputenc 2024/02/08 v1.3d Input encoding file
\inpenc@prehook=\toks17
\inpenc@posthook=\toks18
) (/usr/local/texlive/2025/texmf-dist/tex/latex/base/fontenc.sty
Package: fontenc 2025/07/18 v2.1d Standard LaTeX package
) (/usr/local/texlive/2025/texmf-dist/tex/generic/babel/babel.sty
Package: babel 2025/11/09 v25.15 The multilingual framework for LuaLaTeX, pdfLaTeX and XeLaTeX
\babel@savecnt=\count284
LaTeX Encoding Info:    Redeclaring text command \ij (encoding OT1) on input line 2050.
LaTeX Encoding Info:    Redeclaring text command \IJ (encoding OT1) on input line 2052.
LaTeX Encoding Info:    Redeclaring text command \ij (encoding T1) on input line 2054.
LaTeX Encoding Info:    Redeclaring text command \IJ (encoding T1) on input line 2055.
LaTeX Encoding Info:    Ignoring declaration for text command \ij (encoding ?) on input line 2056.
LaTeX Encoding Info:    Ignoring declaration for text command \IJ (encoding ?) on input line 2058.
LaTeX Encoding Info:    Ignoring declaration for text command \SS (encoding ?) on input line 2083.
\U@D=\dimen149
\l@unhyphenated=\language90
 (/usr/local/texlive/2025/texmf-dist/tex/generic/babel/txtbabel.def)
\bbl@readstream=\read2
\bbl@dirlevel=\count285
 (/usr/local/texlive/2025/texmf-dist/tex/generic/babel/locale/tr/babel-turkish.tex)
Package babel Info: Importing font and identification data for turkish
(babel)             from babel-tr.ini. Reported on input line 4298.
 (/usr/local/texlive/2025/texmf-dist/tex/generic/babel-turkish/turkish.ldf
Language: turkish 2019/07/05 v1.4 Turkish support from the babel system
)) (/usr/local/texlive/2025/texmf-dist/tex/latex/geometry/geometry.sty
Package: geometry 2020/01/02 v5.9 Page Geometry
 (/usr/local/texlive/2025/texmf-dist/tex/latex/graphics/keyval.sty
Package: keyval 2022/05/29 v1.15 key=value parser (DPC)
\KV@toks@=\toks19
) (/usr/local/texlive/2025/texmf-dist/tex/generic/iftex/ifvtex.sty
Package: ifvtex 2019/10/25 v1.7 ifvtex legacy package. Use iftex instead.
 (/usr/local/texlive/2025/texmf-dist/tex/generic/iftex/iftex.sty
Package: iftex 2024/12/12 v1.0g TeX engine tests
))
\Gm@cnth=\count286
\Gm@cntv=\count287
\c@Gm@tempcnt=\count288
\Gm@bindingoffset=\dimen150
\Gm@wd@mp=\dimen151
\Gm@odd@mp=\dimen152
\Gm@even@mp=\dimen153
\Gm@layoutwidth=\dimen154
\Gm@layoutheight=\dimen155
\Gm@layouthoffset=\dimen156
\Gm@layoutvoffset=\dimen157
\Gm@dimlist=\toks20
) (/usr/local/texlive/2025/texmf-dist/tex/latex/amsmath/amsmath.sty
Package: amsmath 2025/07/09 v2.17z AMS math features
\@mathmargin=\skip51

For additional information on amsmath, use the `?' option.
(/usr/local/texlive/2025/texmf-dist/tex/latex/amsmath/amstext.sty
Package: amstext 2024/11/17 v2.01 AMS text
 (/usr/local/texlive/2025/texmf-dist/tex/latex/amsmath/amsgen.sty
File: amsgen.sty 1999/11/30 v2.0 generic functions
\@emptytoks=\toks21
\ex@=\dimen158
)) (/usr/local/texlive/2025/texmf-dist/tex/latex/amsmath/amsbsy.sty
Package: amsbsy 1999/11/29 v1.2d Bold Symbols
\pmbraise@=\dimen159
) (/usr/local/texlive/2025/texmf-dist/tex/latex/amsmath/amsopn.sty
Package: amsopn 2022/04/08 v2.04 operator names
)
\inf@bad=\count289
LaTeX Info: Redefining \frac on input line 233.
\uproot@=\count290
\leftroot@=\count291
LaTeX Info: Redefining \overline on input line 398.
LaTeX Info: Redefining \colon on input line 409.
\classnum@=\count292
\DOTSCASE@=\count293
LaTeX Info: Redefining \ldots on input line 495.
LaTeX Info: Redefining \dots on input line 498.
LaTeX Info: Redefining \cdots on input line 619.
\Mathstrutbox@=\box53
\strutbox@=\box54
LaTeX Info: Redefining \big on input line 721.
LaTeX Info: Redefining \Big on input line 722.
LaTeX Info: Redefining \bigg on input line 723.
LaTeX Info: Redefining \Bigg on input line 724.
\big@size=\dimen160
LaTeX Font Info:    Redeclaring font encoding OML on input line 742.
LaTeX Font Info:    Redeclaring font encoding OMS on input line 743.
\macc@depth=\count294
LaTeX Info: Redefining \bmod on input line 904.
LaTeX Info: Redefining \pmod on input line 909.
LaTeX Info: Redefining \smash on input line 939.
LaTeX Info: Redefining \relbar on input line 969.
LaTeX Info: Redefining \Relbar on input line 970.
\c@MaxMatrixCols=\count295
\dotsspace@=\muskip17
\c@parentequation=\count296
\dspbrk@lvl=\count297
\tag@help=\toks22
\row@=\count298
\column@=\count299
\maxfields@=\count300
\andhelp@=\toks23
\eqnshift@=\dimen161
\alignsep@=\dimen162
\tagshift@=\dimen163
\tagwidth@=\dimen164
\totwidth@=\dimen165
\lineht@=\dimen166
\@envbody=\toks24
\multlinegap=\skip52
\multlinetaggap=\skip53
\mathdisplay@stack=\toks25
LaTeX Info: Redefining \[ on input line 2950.
LaTeX Info: Redefining \] on input line 2951.
) (/usr/local/texlive/2025/texmf-dist/tex/latex/amsfonts/amssymb.sty
Package: amssymb 2013/01/14 v3.01 AMS font symbols
 (/usr/local/texlive/2025/texmf-dist/tex/latex/amsfonts/amsfonts.sty
Package: amsfonts 2013/01/14 v3.01 Basic AMSFonts support
\symAMSa=\mathgroup4
\symAMSb=\mathgroup5
LaTeX Font Info:    Redeclaring math symbol \hbar on input line 98.
LaTeX Font Info:    Overwriting math alphabet `\mathfrak' in version `bold'
(Font)                  U/euf/m/n --> U/euf/b/n on input line 106.
)) (/usr/local/texlive/2025/texmf-dist/tex/latex/psnfss/mathptmx.sty
Package: mathptmx 2020/03/25 PSNFSS-v9.3 Times w/ Math, improved (SPQR, WaS) 
LaTeX Font Info:    Redeclaring symbol font `operators' on input line 28.
LaTeX Font Info:    Overwriting symbol font `operators' in version `normal'
(Font)                  OT1/cmr/m/n --> OT1/ztmcm/m/n on input line 28.
LaTeX Font Info:    Overwriting symbol font `operators' in version `bold'
(Font)                  OT1/cmr/bx/n --> OT1/ztmcm/m/n on input line 28.
LaTeX Font Info:    Redeclaring symbol font `letters' on input line 29.
LaTeX Font Info:    Overwriting symbol font `letters' in version `normal'
(Font)                  OML/cmm/m/it --> OML/ztmcm/m/it on input line 29.
LaTeX Font Info:    Overwriting symbol font `letters' in version `bold'
(Font)                  OML/cmm/b/it --> OML/ztmcm/m/it on input line 29.
LaTeX Font Info:    Redeclaring symbol font `symbols' on input line 30.
LaTeX Font Info:    Overwriting symbol font `symbols' in version `normal'
(Font)                  OMS/cmsy/m/n --> OMS/ztmcm/m/n on input line 30.
LaTeX Font Info:    Overwriting symbol font `symbols' in version `bold'
(Font)                  OMS/cmsy/b/n --> OMS/ztmcm/m/n on input line 30.
LaTeX Font Info:    Redeclaring symbol font `largesymbols' on input line 31.
LaTeX Font Info:    Overwriting symbol font `largesymbols' in version `normal'
(Font)                  OMX/cmex/m/n --> OMX/ztmcm/m/n on input line 31.
LaTeX Font Info:    Overwriting symbol font `largesymbols' in version `bold'
(Font)                  OMX/cmex/m/n --> OMX/ztmcm/m/n on input line 31.
\symbold=\mathgroup6
\symitalic=\mathgroup7
LaTeX Font Info:    Redeclaring math alphabet \mathbf on input line 34.
LaTeX Font Info:    Overwriting math alphabet `\mathbf' in version `normal'
(Font)                  OT1/cmr/bx/n --> OT1/ptm/bx/n on input line 34.
LaTeX Font Info:    Overwriting math alphabet `\mathbf' in version `bold'
(Font)                  OT1/cmr/bx/n --> OT1/ptm/bx/n on input line 34.
LaTeX Font Info:    Redeclaring math alphabet \mathit on input line 35.
LaTeX Font Info:    Overwriting math alphabet `\mathit' in version `normal'
(Font)                  OT1/cmr/m/it --> OT1/ptm/m/it on input line 35.
LaTeX Font Info:    Overwriting math alphabet `\mathit' in version `bold'
(Font)                  OT1/cmr/bx/it --> OT1/ptm/m/it on input line 35.
LaTeX Info: Redefining \hbar on input line 50.
) (/usr/local/texlive/2025/texmf-dist/tex/latex/setspace/setspace.sty
Package: setspace 2022/12/04 v6.7b set line spacing
) (/usr/local/texlive/2025/texmf-dist/tex/latex/tools/indentfirst.sty
Package: indentfirst 2023/07/02 v1.03 Indent first paragraph (DPC)
) (/usr/local/texlive/2025/texmf-dist/tex/latex/titlesec/titlesec.sty
Package: titlesec 2025/01/04 v2.17 Sectioning titles
\ttl@box=\box55
\beforetitleunit=\skip54
\aftertitleunit=\skip55
\ttl@plus=\dimen167
\ttl@minus=\dimen168
\ttl@toksa=\toks26
\titlewidth=\dimen169
\titlewidthlast=\dimen170
\titlewidthfirst=\dimen171
) (/usr/local/texlive/2025/texmf-dist/tex/latex/tocloft/tocloft.sty
Package: tocloft 2017/08/31 v2.3i parameterised ToC, etc., typesetting
Package tocloft Info: The document has chapter divisions on input line 51.
\cftparskip=\skip56
\cftbeforetoctitleskip=\skip57
\cftaftertoctitleskip=\skip58
\cftbeforepartskip=\skip59
\cftpartnumwidth=\skip60
\cftpartindent=\skip61
\cftbeforechapskip=\skip62
\cftchapindent=\skip63
\cftchapnumwidth=\skip64
\cftbeforesecskip=\skip65
\cftsecindent=\skip66
\cftsecnumwidth=\skip67
\cftbeforesubsecskip=\skip68
\cftsubsecindent=\skip69
\cftsubsecnumwidth=\skip70
\cftbeforesubsubsecskip=\skip71
\cftsubsubsecindent=\skip72
\cftsubsubsecnumwidth=\skip73
\cftbeforeparaskip=\skip74
\cftparaindent=\skip75
\cftparanumwidth=\skip76
\cftbeforesubparaskip=\skip77
\cftsubparaindent=\skip78
\cftsubparanumwidth=\skip79
\cftbeforeloftitleskip=\skip80
\cftafterloftitleskip=\skip81
\cftbeforefigskip=\skip82
\cftfigindent=\skip83
\cftfignumwidth=\skip84
\c@lofdepth=\count301
\c@lotdepth=\count302
\cftbeforelottitleskip=\skip85
\cftafterlottitleskip=\skip86
\cftbeforetabskip=\skip87
\cfttabindent=\skip88
\cfttabnumwidth=\skip89
) (/usr/local/texlive/2025/texmf-dist/tex/latex/ragged2e/ragged2e.sty
Package: ragged2e 2023/06/22 v3.6 ragged2e Package
\CenteringLeftskip=\skip90
\RaggedLeftLeftskip=\skip91
\RaggedRightLeftskip=\skip92
\CenteringRightskip=\skip93
\RaggedLeftRightskip=\skip94
\RaggedRightRightskip=\skip95
\CenteringParfillskip=\skip96
\RaggedLeftParfillskip=\skip97
\RaggedRightParfillskip=\skip98
\JustifyingParfillskip=\skip99
\CenteringParindent=\skip100
\RaggedLeftParindent=\skip101
\RaggedRightParindent=\skip102
\JustifyingParindent=\skip103
) (/usr/local/texlive/2025/texmf-dist/tex/latex/graphics/graphicx.sty
Package: graphicx 2024/12/31 v1.2e Enhanced LaTeX Graphics (DPC,SPQR)
 (/usr/local/texlive/2025/texmf-dist/tex/latex/graphics/graphics.sty
Package: graphics 2024/08/06 v1.4g Standard LaTeX Graphics (DPC,SPQR)

(/usr/local/texlive/2025/texmf-dist/tex/latex/graphics/trig.sty
Package: trig 2023/12/02 v1.11 sin cos tan (DPC)
) (/usr/local/texlive/2025/texmf-dist/tex/latex/graphics-cfg/graphics.cfg
File: graphics.cfg 2016/06/04 v1.11 sample graphics configuration
)
Package graphics Info: Driver file: pdftex.def on input line 106.
 (/usr/local/texlive/2025/texmf-dist/tex/latex/graphics-def/pdftex.def
File: pdftex.def 2025/09/29 v1.2d Graphics/color driver for pdftex
))
\Gin@req@height=\dimen172
\Gin@req@width=\dimen173
) (/usr/local/texlive/2025/texmf-dist/tex/latex/float/float.sty
Package: float 2001/11/08 v1.3d Float enhancements (AL)
\c@float@type=\count303
\float@exts=\toks27
\float@box=\box56
\@float@everytoks=\toks28
\@floatcapt=\box57
) (/usr/local/texlive/2025/texmf-dist/tex/latex/chngcntr/chngcntr.sty
Package: chngcntr 2018/04/09 v1.1a change counter resetting
Package chngcntr Info: \counterwithout already defined.
(chngcntr)             Quitting chngcntr on input line 21.
) (/usr/local/texlive/2025/texmf-dist/tex/latex/hyperref/hyperref.sty
Package: hyperref 2025-07-12 v7.01o Hypertext links for LaTeX
 (/usr/local/texlive/2025/texmf-dist/tex/latex/kvsetkeys/kvsetkeys.sty
Package: kvsetkeys 2022-10-05 v1.19 Key value parser (HO)
) (/usr/local/texlive/2025/texmf-dist/tex/generic/kvdefinekeys/kvdefinekeys.sty
Package: kvdefinekeys 2019-12-19 v1.6 Define keys (HO)
) (/usr/local/texlive/2025/texmf-dist/tex/generic/pdfescape/pdfescape.sty
Package: pdfescape 2019/12/09 v1.15 Implements pdfTeX's escape features (HO)
 (/usr/local/texlive/2025/texmf-dist/tex/generic/ltxcmds/ltxcmds.sty
Package: ltxcmds 2023-12-04 v1.26 LaTeX kernel commands for general use (HO)
) (/usr/local/texlive/2025/texmf-dist/tex/generic/pdftexcmds/pdftexcmds.sty
Package: pdftexcmds 2020-06-27 v0.33 Utility functions of pdfTeX for LuaTeX (HO)
 (/usr/local/texlive/2025/texmf-dist/tex/generic/infwarerr/infwarerr.sty
Package: infwarerr 2019/12/03 v1.5 Providing info/warning/error messages (HO)
)
Package pdftexcmds Info: \pdf@primitive is available.
Package pdftexcmds Info: \pdf@ifprimitive is available.
Package pdftexcmds Info: \pdfdraftmode found.
)) (/usr/local/texlive/2025/texmf-dist/tex/latex/hycolor/hycolor.sty
Package: hycolor 2020-01-27 v1.10 Color options for hyperref/bookmark (HO)
) (/usr/local/texlive/2025/texmf-dist/tex/latex/hyperref/nameref.sty
Package: nameref 2025-06-21 v2.57 Cross-referencing by name of section

(/usr/local/texlive/2025/texmf-dist/tex/latex/refcount/refcount.sty
Package: refcount 2019/12/15 v3.6 Data extraction from label references (HO)
) (/usr/local/texlive/2025/texmf-dist/tex/generic/gettitlestring/gettitlestring.sty
Package: gettitlestring 2019/12/15 v1.6 Cleanup title references (HO)
 (/usr/local/texlive/2025/texmf-dist/tex/latex/kvoptions/kvoptions.sty
Package: kvoptions 2022-06-15 v3.15 Key value format for package options (HO)
))
\c@section@level=\count304
) (/usr/local/texlive/2025/texmf-dist/tex/latex/etoolbox/etoolbox.sty
Package: etoolbox 2025/10/02 v2.5m e-TeX tools for LaTeX (JAW)
\etb@tempcnta=\count305
) (/usr/local/texlive/2025/texmf-dist/tex/generic/stringenc/stringenc.sty
Package: stringenc 2019/11/29 v1.12 Convert strings between diff. encodings (HO)
)
\@linkdim=\dimen174
\Hy@linkcounter=\count306
\Hy@pagecounter=\count307
 (/usr/local/texlive/2025/texmf-dist/tex/latex/hyperref/pd1enc.def
File: pd1enc.def 2025-07-12 v7.01o Hyperref: PDFDocEncoding definition (HO)
Now handling font encoding PD1 ...
... no UTF-8 mapping file for font encoding PD1
) (/usr/local/texlive/2025/texmf-dist/tex/generic/intcalc/intcalc.sty
Package: intcalc 2019/12/15 v1.3 Expandable calculations with integers (HO)
)
\Hy@SavedSpaceFactor=\count308
 (/usr/local/texlive/2025/texmf-dist/tex/latex/hyperref/puenc.def
File: puenc.def 2025-07-12 v7.01o Hyperref: PDF Unicode definition (HO)
Now handling font encoding PU ...
... no UTF-8 mapping file for font encoding PU
)
Package hyperref Info: Hyper figures OFF on input line 4195.
Package hyperref Info: Link nesting OFF on input line 4200.
Package hyperref Info: Hyper index ON on input line 4203.
Package hyperref Info: Plain pages OFF on input line 4210.
Package hyperref Info: Backreferencing OFF on input line 4215.
Package hyperref Info: Implicit mode ON; LaTeX internals redefined.
Package hyperref Info: Bookmarks ON on input line 4462.
\c@Hy@tempcnt=\count309
 (/usr/local/texlive/2025/texmf-dist/tex/latex/url/url.sty
\Urlmuskip=\muskip18
Package: url 2013/09/16  ver 3.4  Verb mode for urls, etc.
)
LaTeX Info: Redefining \url on input line 4801.
\XeTeXLinkMargin=\dimen175
 (/usr/local/texlive/2025/texmf-dist/tex/generic/bitset/bitset.sty
Package: bitset 2019/12/09 v1.3 Handle bit-vector datatype (HO)
 (/usr/local/texlive/2025/texmf-dist/tex/generic/bigintcalc/bigintcalc.sty
Package: bigintcalc 2019/12/15 v1.5 Expandable calculations on big integers (HO)
))
\Fld@menulength=\count310
\Field@Width=\dimen176
\Fld@charsize=\dimen177
Package hyperref Info: Hyper figures OFF on input line 6078.
Package hyperref Info: Link nesting OFF on input line 6083.
Package hyperref Info: Hyper index ON on input line 6086.
Package hyperref Info: backreferencing OFF on input line 6093.
Package hyperref Info: Link coloring OFF on input line 6098.
Package hyperref Info: Link coloring with OCG OFF on input line 6103.
Package hyperref Info: PDF/A mode OFF on input line 6108.
\Hy@abspage=\count311
\c@Item=\count312
\c@Hfootnote=\count313
)
Package hyperref Info: Driver (autodetected): hpdftex.
 (/usr/local/texlive/2025/texmf-dist/tex/latex/hyperref/hpdftex.def
File: hpdftex.def 2025-07-12 v7.01o Hyperref driver for pdfTeX
\Fld@listcount=\count314
\c@bookmark@seq@number=\count315
 (/usr/local/texlive/2025/texmf-dist/tex/latex/rerunfilecheck/rerunfilecheck.sty
Package: rerunfilecheck 2025-06-21 v1.11 Rerun checks for auxiliary files (HO)
 (/usr/local/texlive/2025/texmf-dist/tex/generic/uniquecounter/uniquecounter.sty
Package: uniquecounter 2019/12/15 v1.4 Provide unlimited unique counter (HO)
)
Package uniquecounter Info: New unique counter `rerunfilecheck' on input line 284.
)
\Hy@SectionHShift=\skip104
)
(./data.tex)
Package hyperref Info: Option `hypertexnames' set `false' on input line 24.
LaTeX Font Info:    Trying to load font information for T1+ptm on input line 48.
 (/usr/local/texlive/2025/texmf-dist/tex/latex/psnfss/t1ptm.fd
File: t1ptm.fd 2001/06/04 font definitions for T1/ptm.
) (/usr/local/texlive/2025/texmf-dist/tex/latex/l3backend/l3backend-pdftex.def
File: l3backend-pdftex.def 2025-10-09 L3 backend support: PDF output (pdfTeX)
\l__color_backend_stack_int=\count316
) (./thesis.aux
Package babel Info: 'turkish' activates 'turkish' shorthands.
(babel)             Reported on input line 7.
)
\openout1 = `thesis.aux'.

LaTeX Font Info:    Checking defaults for OML/cmm/m/it on input line 48.
LaTeX Font Info:    ... okay on input line 48.
LaTeX Font Info:    Checking defaults for OMS/cmsy/m/n on input line 48.
LaTeX Font Info:    ... okay on input line 48.
LaTeX Font Info:    Checking defaults for OT1/cmr/m/n on input line 48.
LaTeX Font Info:    ... okay on input line 48.
LaTeX Font Info:    Checking defaults for T1/cmr/m/n on input line 48.
LaTeX Font Info:    ... okay on input line 48.
LaTeX Font Info:    Checking defaults for TS1/cmr/m/n on input line 48.
LaTeX Font Info:    ... okay on input line 48.
LaTeX Font Info:    Checking defaults for OMX/cmex/m/n on input line 48.
LaTeX Font Info:    ... okay on input line 48.
LaTeX Font Info:    Checking defaults for U/cmr/m/n on input line 48.
LaTeX Font Info:    ... okay on input line 48.
LaTeX Font Info:    Checking defaults for PD1/pdf/m/n on input line 48.
LaTeX Font Info:    ... okay on input line 48.
LaTeX Font Info:    Checking defaults for PU/pdf/m/n on input line 48.
LaTeX Font Info:    ... okay on input line 48.

*geometry* driver: auto-detecting
*geometry* detected driver: pdftex
*geometry* verbose mode - [ preamble ] result:
* driver: pdftex
* paper: a4paper
* layout: <same size as paper>
* layoutoffset:(h,v)=(0.0pt,0.0pt)
* modes: 
* h-part:(L,W,R)=(92.47145pt, 433.90454pt, 71.13188pt)
* v-part:(T,H,B)=(85.35826pt, 688.5567pt, 71.13188pt)
* \paperwidth=597.50787pt
* \paperheight=845.04684pt
* \textwidth=433.90454pt
* \textheight=688.5567pt
* \oddsidemargin=20.20146pt
* \evensidemargin=20.20146pt
* \topmargin=-23.91173pt
* \headheight=12.0pt
* \headsep=25.0pt
* \topskip=12.0pt
* \footskip=30.0pt
* \marginparwidth=35.0pt
* \marginparsep=10.0pt
* \columnsep=10.0pt
* \skip\footins=10.8pt plus 4.0pt minus 2.0pt
* \hoffset=0.0pt
* \voffset=0.0pt
* \mag=1000
* \@twocolumnfalse
* \@twosidefalse
* \@mparswitchfalse
* \@reversemarginfalse
* (1in=72.27pt=25.4mm, 1cm=28.453pt)

(/usr/local/texlive/2025/texmf-dist/tex/context/base/mkii/supp-pdf.mkii
[Loading MPS to PDF converter (version 2006.09.02).]
\scratchcounter=\count317
\scratchdimen=\dimen178
\scratchbox=\box58
\nofMPsegments=\count318
\nofMParguments=\count319
\everyMPshowfont=\toks29
\MPscratchCnt=\count320
\MPscratchDim=\dimen179
\MPnumerator=\count321
\makeMPintoPDFobject=\count322
\everyMPtoPDFconversion=\toks30
) (/usr/local/texlive/2025/texmf-dist/tex/latex/epstopdf-pkg/epstopdf-base.sty
Package: epstopdf-base 2020-01-24 v2.11 Base part for package epstopdf
Package epstopdf-base Info: Redefining graphics rule for `.eps' on input line 485.
 (/usr/local/texlive/2025/texmf-dist/tex/latex/latexconfig/epstopdf-sys.cfg
File: epstopdf-sys.cfg 2010/07/13 v1.3 Configuration of (r)epstopdf for TeX Live
))
Package hyperref Info: Link coloring OFF on input line 48.
 (./thesis.out) (./thesis.out)
\@outlinefile=\write3
\openout3 = `thesis.out'.

 [1

{/usr/local/texlive/2025/texmf-var/fonts/map/pdftex/updmap/pdftex.map}{/usr/local/texlive/2025/texmf-dist/fonts/enc/dvips/base/8r.enc}] (./thesis.toc
LaTeX Font Info:    Trying to load font information for OT1+ztmcm on input line 2.
 (/usr/local/texlive/2025/texmf-dist/tex/latex/psnfss/ot1ztmcm.fd
File: ot1ztmcm.fd 2000/01/03 Fontinst v1.801 font definitions for OT1/ztmcm.
)
LaTeX Font Info:    Trying to load font information for OML+ztmcm on input line 2.
 (/usr/local/texlive/2025/texmf-dist/tex/latex/psnfss/omlztmcm.fd
File: omlztmcm.fd 2000/01/03 Fontinst v1.801 font definitions for OML/ztmcm.
)
LaTeX Font Info:    Trying to load font information for OMS+ztmcm on input line 2.
 (/usr/local/texlive/2025/texmf-dist/tex/latex/psnfss/omsztmcm.fd
File: omsztmcm.fd 2000/01/03 Fontinst v1.801 font definitions for OMS/ztmcm.
)
LaTeX Font Info:    Trying to load font information for OMX+ztmcm on input line 2.
 (/usr/local/texlive/2025/texmf-dist/tex/latex/psnfss/omxztmcm.fd
File: omxztmcm.fd 2000/01/03 Fontinst v1.801 font definitions for OMX/ztmcm.
)
LaTeX Font Info:    Trying to load font information for OT1+ptm on input line 2.
 (/usr/local/texlive/2025/texmf-dist/tex/latex/psnfss/ot1ptm.fd
File: ot1ptm.fd 2001/06/04 font definitions for OT1/ptm.
)
LaTeX Font Info:    Font shape `OT1/ptm/bx/n' in size <12> not available
(Font)              Font shape `OT1/ptm/b/n' tried instead on input line 2.
LaTeX Font Info:    Font shape `OT1/ptm/bx/n' in size <9> not available
(Font)              Font shape `OT1/ptm/b/n' tried instead on input line 2.
LaTeX Font Info:    Font shape `OT1/ptm/bx/n' in size <7> not available
(Font)              Font shape `OT1/ptm/b/n' tried instead on input line 2.
 [1])
\tf@toc=\write4
\openout4 = `thesis.toc'.

 [2] (./body/intro.tex [1

]) (./body/bolum2.tex
B\"ol\"um 6.
<images/Figures/figur-002.png, id=311, 1209.51875pt x 446.66875pt>
File: images/Figures/figur-002.png Graphic file (type png)
<use images/Figures/figur-002.png>
Package pdftex.def Info: images/Figures/figur-002.png  used on input line 20.
(pdftex.def)             Requested size: 355.8049pt x 131.39809pt.
<images/Figures/figur-001.png, id=313, 2917.90125pt x 1463.4675pt>
File: images/Figures/figur-001.png Graphic file (type png)
<use images/Figures/figur-001.png>
Package pdftex.def Info: images/Figures/figur-001.png  used on input line 29.
(pdftex.def)             Requested size: 355.8049pt x 178.44452pt.
[2

 <./images/Figures/figur-002.png>] [3 <./images/Figures/figur-001.png>] [4]
<images/Figures/figur-003.png, id=357, 2594.69376pt x 1699.34875pt>
File: images/Figures/figur-003.png Graphic file (type png)
<use images/Figures/figur-003.png>
Package pdftex.def Info: images/Figures/figur-003.png  used on input line 112.
(pdftex.def)             Requested size: 355.8049pt x 233.00644pt.
<images/Figures/figur-004.png, id=359, 2113.8975pt x 1619.04875pt>
File: images/Figures/figur-004.png Graphic file (type png)
<use images/Figures/figur-004.png>
Package pdftex.def Info: images/Figures/figur-004.png  used on input line 121.
(pdftex.def)             Requested size: 355.8049pt x 272.49243pt.
 [5 <./images/Figures/figur-003.png>] [6 <./images/Figures/figur-004.png>]
<images/Figures/figur-005.png, id=377, 1481.535pt x 767.86874pt>
File: images/Figures/figur-005.png Graphic file (type png)
<use images/Figures/figur-005.png>
Package pdftex.def Info: images/Figures/figur-005.png  used on input line 156.
(pdftex.def)             Requested size: 355.8049pt x 184.40942pt.
<images/Figures/figur-006.png, id=379, 1383.1675pt x 1009.7725pt>
File: images/Figures/figur-006.png Graphic file (type png)
<use images/Figures/figur-006.png>
Package pdftex.def Info: images/Figures/figur-006.png  used on input line 165.
(pdftex.def)             Requested size: 355.8049pt x 259.74583pt.
 [7 <./images/Figures/figur-005.png>] [8 <./images/Figures/figur-006.png>] [9] [10]
<images/Figures/figur-007.png, id=416, 2477.255pt x 1608.0075pt>
File: images/Figures/figur-007.png Graphic file (type png)
<use images/Figures/figur-007.png>
Package pdftex.def Info: images/Figures/figur-007.png  used on input line 301.
(pdftex.def)             Requested size: 355.8049pt x 230.93459pt.
 [11 <./images/Figures/figur-007.png>] [12]
<images/Figures/figur-008.png, id=439, 4133.4425pt x 1159.33125pt>
File: images/Figures/figur-008.png Graphic file (type png)
<use images/Figures/figur-008.png>
Package pdftex.def Info: images/Figures/figur-008.png  used on input line 363.
(pdftex.def)             Requested size: 355.8049pt x 99.78899pt.
 [13 <./images/Figures/figur-008.png>]
LaTeX Font Info:    Trying to load font information for TS1+ptm on input line 382.
 (/usr/local/texlive/2025/texmf-dist/tex/latex/psnfss/ts1ptm.fd
File: ts1ptm.fd 2001/06/04 font definitions for TS1/ptm.
) [14]) (./body/bolum4.tex
<images/Figures/figur-009.png, id=454, 780.9175pt x 828.09375pt>
File: images/Figures/figur-009.png Graphic file (type png)
<use images/Figures/figur-009.png>
Package pdftex.def Info: images/Figures/figur-009.png  used on input line 38.
(pdftex.def)             Requested size: 355.8049pt x 377.30132pt.
 [15]
<images/Figures/figur-010.png, id=466, 791.95876pt x 827.09pt>
File: images/Figures/figur-010.png Graphic file (type png)
<use images/Figures/figur-010.png>
Package pdftex.def Info: images/Figures/figur-010.png  used on input line 46.
(pdftex.def)             Requested size: 355.8049pt x 371.5939pt.
 [16 <./images/Figures/figur-009.png>]
<images/Figures/figur-011.png, id=474, 827.09pt x 798.985pt>
File: images/Figures/figur-011.png Graphic file (type png)
<use images/Figures/figur-011.png>
Package pdftex.def Info: images/Figures/figur-011.png  used on input line 58.
(pdftex.def)             Requested size: 355.8049pt x 343.71535pt.
 [17 <./images/Figures/figur-010.png>]
<images/Figures/figur-012.png, id=482, 838.13126pt x 779.91376pt>
File: images/Figures/figur-012.png Graphic file (type png)
<use images/Figures/figur-012.png>
Package pdftex.def Info: images/Figures/figur-012.png  used on input line 70.
(pdftex.def)             Requested size: 355.8049pt x 331.0841pt.
 [18 <./images/Figures/figur-011.png>]
<images/Figures/figur-013.png, id=492, 1451.4225pt x 1083.04625pt>
File: images/Figures/figur-013.png Graphic file (type png)
<use images/Figures/figur-013.png>
Package pdftex.def Info: images/Figures/figur-013.png  used on input line 78.
(pdftex.def)             Requested size: 355.8049pt x 265.48912pt.
<images/Figures/figur-014.png, id=493, 1455.4375pt x 1066.98625pt>
File: images/Figures/figur-014.png Graphic file (type png)
<use images/Figures/figur-014.png>
Package pdftex.def Info: images/Figures/figur-014.png  used on input line 84.
(pdftex.def)             Requested size: 355.8049pt x 260.83595pt.
 [19 <./images/Figures/figur-012.png>]
<images/Figures/figur-015.png, id=501, 2250.4075pt x 1468.48625pt>
File: images/Figures/figur-015.png Graphic file (type png)
<use images/Figures/figur-015.png>
Package pdftex.def Info: images/Figures/figur-015.png  used on input line 90.
(pdftex.def)             Requested size: 355.8049pt x 232.1617pt.
 [20 <./images/Figures/figur-013.png> <./images/Figures/figur-014.png>]
<images/Figures/figur-016.png, id=507, 2246.3925pt x 1718.42pt>
File: images/Figures/figur-016.png Graphic file (type png)
<use images/Figures/figur-016.png>
Package pdftex.def Info: images/Figures/figur-016.png  used on input line 98.
(pdftex.def)             Requested size: 355.8049pt x 272.1734pt.
 [21 <./images/Figures/figur-015.png> <./images/Figures/figur-016.png>]) (./body/bolum5.tex [22]
<images/Figures/figur-018.png, id=527, 2108.87875pt x 1267.73625pt>
File: images/Figures/figur-018.png Graphic file (type png)
<use images/Figures/figur-018.png>
Package pdftex.def Info: images/Figures/figur-018.png  used on input line 70.
(pdftex.def)             Requested size: 355.8049pt x 213.8874pt.
<images/Figures/figur-017.png, id=528, 1390.19376pt x 959.585pt>
File: images/Figures/figur-017.png Graphic file (type png)
<use images/Figures/figur-017.png>
Package pdftex.def Info: images/Figures/figur-017.png  used on input line 76.
(pdftex.def)             Requested size: 355.8049pt x 245.59142pt.
 [23 <./images/Figures/figur-018.png>]
<images/Figures/figur-019.png, id=539, 3217.01875pt x 1432.35126pt>
File: images/Figures/figur-019.png Graphic file (type png)
<use images/Figures/figur-019.png>
Package pdftex.def Info: images/Figures/figur-019.png  used on input line 89.
(pdftex.def)             Requested size: 355.8049pt x 158.4115pt.
 [24 <./images/Figures/figur-017.png> <./images/Figures/figur-019.png>]) (./body/bolum6.tex
<images/Figures/figur-020.png, id=545, 1188.44pt x 860.21375pt>
File: images/Figures/figur-020.png Graphic file (type png)
<use images/Figures/figur-020.png>
Package pdftex.def Info: images/Figures/figur-020.png  used on input line 19.
(pdftex.def)             Requested size: 355.8049pt x 257.54108pt.
 [25 <./images/Figures/figur-020.png>]
<images/Figures/figur-021.png, id=556, 1186.4325pt x 862.22125pt>
File: images/Figures/figur-021.png Graphic file (type png)
<use images/Figures/figur-021.png>
Package pdftex.def Info: images/Figures/figur-021.png  used on input line 47.
(pdftex.def)             Requested size: 355.8049pt x 258.57628pt.
<images/Figures/figur-022.png, id=557, 1188.44pt x 870.25125pt>
File: images/Figures/figur-022.png Graphic file (type png)
<use images/Figures/figur-022.png>
Package pdftex.def Info: images/Figures/figur-022.png  used on input line 53.
(pdftex.def)             Requested size: 355.8049pt x 260.54623pt.
 [26] [27 <./images/Figures/figur-021.png> <./images/Figures/figur-022.png>]
<images/Figures/figur-023.png, id=574, 2190.1825pt x 1710.39pt>
File: images/Figures/figur-023.png Graphic file (type png)
<use images/Figures/figur-023.png>
Package pdftex.def Info: images/Figures/figur-023.png  used on input line 79.
(pdftex.def)             Requested size: 355.8049pt x 277.84373pt.
 [28 <./images/Figures/figur-023.png>]
<images/Figures/figur-024.png, id=585, 1290.8225pt x 880.28876pt>
File: images/Figures/figur-024.png Graphic file (type png)
<use images/Figures/figur-024.png>
Package pdftex.def Info: images/Figures/figur-024.png  used on input line 106.
(pdftex.def)             Requested size: 355.8049pt x 242.63759pt.
<images/Figures/figur-025.png, id=586, 1292.83pt x 870.25125pt>
File: images/Figures/figur-025.png Graphic file (type png)
<use images/Figures/figur-025.png>
Package pdftex.def Info: images/Figures/figur-025.png  used on input line 112.
(pdftex.def)             Requested size: 355.8049pt x 239.4991pt.
 [29 <./images/Figures/figur-024.png>] [30 <./images/Figures/figur-025.png>]
<images/Figures/figur-026.png, id=604, 1868.9825pt x 1669.23625pt>
File: images/Figures/figur-026.png Graphic file (type png)
<use images/Figures/figur-026.png>
Package pdftex.def Info: images/Figures/figur-026.png  used on input line 153.
(pdftex.def)             Requested size: 355.8049pt x 317.76947pt.
 [31 <./images/Figures/figur-026.png>]) (./body/bolum7.tex
<images/Figures/figur-027.png, id=611, 985.6825pt x 781.92125pt>
File: images/Figures/figur-027.png Graphic file (type png)
<use images/Figures/figur-027.png>
Package pdftex.def Info: images/Figures/figur-027.png  used on input line 14.
(pdftex.def)             Requested size: 355.8049pt x 282.25502pt.
 [32 <./images/Figures/figur-027.png>]
<images/Figures/figur-028.png, id=623, 1631.09375pt x 940.51375pt>
File: images/Figures/figur-028.png Graphic file (type png)
<use images/Figures/figur-028.png>
Package pdftex.def Info: images/Figures/figur-028.png  used on input line 56.
(pdftex.def)             Requested size: 355.8049pt x 205.16283pt.
<images/Figures/figur-029.png, id=624, 2554.54375pt x 1207.51125pt>
File: images/Figures/figur-029.png Graphic file (type png)
<use images/Figures/figur-029.png>
Package pdftex.def Info: images/Figures/figur-029.png  used on input line 62.
(pdftex.def)             Requested size: 355.8049pt x 168.18443pt.
 [33]
<images/Figures/figur-030.png, id=635, 1932.21875pt x 2342.7525pt>
File: images/Figures/figur-030.png Graphic file (type png)
<use images/Figures/figur-030.png>
Package pdftex.def Info: images/Figures/figur-030.png  used on input line 78.
(pdftex.def)             Requested size: 355.8049pt x 431.40057pt.
 [34 <./images/Figures/figur-028.png> <./images/Figures/figur-029.png>]
Overfull \hbox (0.97058pt too wide) in paragraph at lines 85--86
\T1/ptm/m/n/12 rumda yö-rün-ge-ler sa-bit yük-sek-likte ka-l^^Yr-ken si-lin-dir U bi-çimli bir tüpe bü-kü-lür (“e-kil []6.7.5[]).
 []

<images/Figures/figur-031.png, id=644, 2715.14375pt x 2137.9875pt>
File: images/Figures/figur-031.png Graphic file (type png)
<use images/Figures/figur-031.png>
Package pdftex.def Info: images/Figures/figur-031.png  used on input line 89.
(pdftex.def)             Requested size: 355.8049pt x 280.1665pt.
[35 <./images/Figures/figur-030.png>]
<images/Figures/figur-032.png, id=651, 4188.64874pt x 1978.39125pt>
File: images/Figures/figur-032.png Graphic file (type png)
<use images/Figures/figur-032.png>
Package pdftex.def Info: images/Figures/figur-032.png  used on input line 98.
(pdftex.def)             Requested size: 355.8049pt x 168.02518pt.
<images/Figures/figur-033.png, id=653, 2004.48875pt x 1546.77875pt>
File: images/Figures/figur-033.png Graphic file (type png)
<use images/Figures/figur-033.png>
Package pdftex.def Info: images/Figures/figur-033.png  used on input line 116.
(pdftex.def)             Requested size: 355.8049pt x 274.56105pt.
 [36 <./images/Figures/figur-031.png> <./images/Figures/figur-032.png>]
<images/Figures/figur-034.png, id=660, 2701.09125pt x 2127.95pt>
File: images/Figures/figur-034.png Graphic file (type png)
<use images/Figures/figur-034.png>
Package pdftex.def Info: images/Figures/figur-034.png  used on input line 132.
(pdftex.def)             Requested size: 355.8049pt x 280.27983pt.
 [37 <./images/Figures/figur-033.png>] [38 <./images/Figures/figur-034.png>]) (./body/bolum8.tex
<images/Figures/figur-035.png, id=673, 1195.46625pt x 871.255pt>
File: images/Figures/figur-035.png Graphic file (type png)
<use images/Figures/figur-035.png>
Package pdftex.def Info: images/Figures/figur-035.png  used on input line 15.
(pdftex.def)             Requested size: 355.8049pt x 259.30461pt.
 [39 <./images/Figures/figur-035.png>]
<images/Figures/figur-036.png, id=679, 1294.8375pt x 1068.99374pt>
File: images/Figures/figur-036.png Graphic file (type png)
<use images/Figures/figur-036.png>
Package pdftex.def Info: images/Figures/figur-036.png  used on input line 33.
(pdftex.def)             Requested size: 355.8049pt x 293.73767pt.
 [40 <./images/Figures/figur-036.png>]
<images/Figures/figur-037.png, id=686, 2726.185pt x 1391.1975pt>
File: images/Figures/figur-037.png Graphic file (type png)
<use images/Figures/figur-037.png>
Package pdftex.def Info: images/Figures/figur-037.png  used on input line 58.
(pdftex.def)             Requested size: 355.8049pt x 181.56255pt.
<images/Figures/figur-038.png, id=687, 2716.1475pt x 1312.905pt>
File: images/Figures/figur-038.png Graphic file (type png)
<use images/Figures/figur-038.png>
Package pdftex.def Info: images/Figures/figur-038.png  used on input line 71.
(pdftex.def)             Requested size: 355.8049pt x 171.98581pt.
 [41 <./images/Figures/figur-037.png>]
<images/Figures/figur-039.png, id=696, 2443.1275pt x 1715.40875pt>
File: images/Figures/figur-039.png Graphic file (type png)
<use images/Figures/figur-039.png>
Package pdftex.def Info: images/Figures/figur-039.png  used on input line 87.
(pdftex.def)             Requested size: 355.8049pt x 249.81416pt.
 [42 <./images/Figures/figur-038.png> <./images/Figures/figur-039.png>]
<images/Figures/figur-040.png, id=701, 596.2275pt x 266.9975pt>
File: images/Figures/figur-040.png Graphic file (type png)
<use images/Figures/figur-040.png>
Package pdftex.def Info: images/Figures/figur-040.png  used on input line 107.
(pdftex.def)             Requested size: 355.8049pt x 159.33194pt.
<images/Figures/figur-041.png, id=702, 1097.09875pt x 784.9325pt>
File: images/Figures/figur-041.png Graphic file (type png)
<use images/Figures/figur-041.png>
Package pdftex.def Info: images/Figures/figur-041.png  used on input line 123.
(pdftex.def)             Requested size: 355.8049pt x 254.56107pt.
 [43 <./images/Figures/figur-040.png>]
<images/Figures/figur-042.png, id=708, 2433.09pt x 1155.31625pt>
File: images/Figures/figur-042.png Graphic file (type png)
<use images/Figures/figur-042.png>
Package pdftex.def Info: images/Figures/figur-042.png  used on input line 132.
(pdftex.def)             Requested size: 355.8049pt x 168.93567pt.
<images/Figures/figur-043.png, id=709, 1855.93375pt x 1377.145pt>
File: images/Figures/figur-043.png Graphic file (type png)
<use images/Figures/figur-043.png>
Package pdftex.def Info: images/Figures/figur-043.png  used on input line 138.
(pdftex.def)             Requested size: 355.8049pt x 264.01378pt.
 [44 <./images/Figures/figur-041.png> <./images/Figures/figur-042.png>]) (./body/bolum3.tex [45 <./images/Figures/figur-043.png>] [46

] [47] [48] [49] [50] [51]) (./body/snclr.tex [52

]) (./bib/bib.tex) [53

] (./thesis.aux)
 ***********
LaTeX2e <2025-11-01>
L3 programming layer <2025-11-06>
 ***********
Package rerunfilecheck Info: File `thesis.out' has not changed.
(rerunfilecheck)             Checksum: 260BCD3B94C7C1D21134898E49DD825D;9030.
 ) 
Here is how much of TeX's memory you used:
 13295 strings out of 467538
 208976 string characters out of 5419552
 635143 words of memory out of 8000000
 41670 multiletter control sequences out of 15000+600000
 674557 words of font info for 107 fonts, out of 8000000 for 9000
 1141 hyphenation exceptions out of 8191
 75i,10n,79p,939b,614s stack positions out of 10000i,1000n,20000p,200000b,200000s
</usr/local/texlive/2025/texmf-dist/fonts/type1/public/amsfonts/cm/cmex10.pfb></usr/local/texlive/2025/texmf-dist/fonts/type1/public/amsfonts/cm/cmmi10.pfb></usr/local/texlive/2025/texmf-dist/fonts/type1/public/amsfonts/cm/cmr10.pfb></usr/local/texlive/2025/texmf-dist/fonts/type1/public/amsfonts/cm/cmsy10.pfb></usr/local/texlive/2025/texmf-dist/fonts/type1/public/amsfonts/symbols/msbm10.pfb></usr/local/texlive/2025/texmf-dist/fonts/type1/urw/symbol/usyr.pfb></usr/local/texlive/2025/texmf-dist/fonts/type1/urw/symbol/usyr.pfb></usr/local/texlive/2025/texmf-dist/fonts/type1/urw/times/utmb8a.pfb></usr/local/texlive/2025/texmf-dist/fonts/type1/urw/times/utmr8a.pfb></usr/local/texlive/2025/texmf-dist/fonts/type1/urw/times/utmri8a.pfb>
Output written on thesis.pdf (56 pages, 836766 bytes).
PDF statistics:
 910 PDF objects out of 1000 (max. 8388607)
 781 compressed objects within 8 object streams
 293 named destinations out of 1000 (max. 500000)
 672 words of extra memory for PDF output out of 10000 (max. 10000000)

