\BOOKMARK [0][-]{section*.2}{\376\377\000G\000i\000r\000i\001\137}{}% 1
\BOOKMARK [0][-]{chapter.3}{\376\377\000F\000a\000z\000\040\000D\000\374\000z\000l\000e\000m\000i}{}% 2
\BOOKMARK [1][-]{section.4}{\376\377\000F\000a\000z\000\040\000P\000o\000r\000t\000r\000e\000l\000e\000r\000i}{chapter.3}% 3
\BOOKMARK [2][-]{section*.15}{\376\377\000F\000a\000z\000\040\000P\000o\000r\000t\000r\000e\000l\000e\000r\000i\000n\000i\000n\000\040\000S\000a\000y\001\061\000s\000a\000l\000\040\000H\000e\000s\000a\000p\000l\000a\000n\000m\000a\000s\001\061}{section.4}% 4
\BOOKMARK [2][-]{section*.21}{\376\377\000\326\000r\000n\000e\000k\000\040\0006\000.\0001\000.\0001}{section.4}% 5
\BOOKMARK [1][-]{section.30}{\376\377\000V\000a\000r\000l\001\061\000k\000,\000\040\000T\000e\000k\000l\000i\000k\000\040\000v\000e\000\040\000T\000o\000p\000o\000l\000o\000j\000i\000k\000\040\000S\000o\000n\000u\000\347\000l\000a\000r}{chapter.3}% 6
\BOOKMARK [1][-]{section.36}{\376\377\000S\000a\000b\000i\000t\000\040\000N\000o\000k\000t\000a\000l\000a\000r\000\040\000v\000e\000\040\000L\000i\000n\000e\000e\000r\000l\000e\001\137\000t\000i\000r\000m\000e}{chapter.3}% 7
\BOOKMARK [2][-]{section*.37}{\376\377\000L\000i\000n\000e\000e\000r\000l\000e\001\137\000t\000i\000r\000i\000l\000m\000i\001\137\000\040\000S\000i\000s\000t\000e\000m}{section.36}% 8
\BOOKMARK [2][-]{section*.50}{\376\377\000K\000\374\000\347\000\374\000k\000\040\000D\000o\001\037\000r\000u\000s\000a\000l\000\040\000O\000l\000m\000a\000y\000a\000n\000\040\000T\000e\000r\000i\000m\000l\000e\000r\000i\000n\000\040\000E\000t\000k\000i\000s\000i}{section.36}% 9
\BOOKMARK [2][-]{section*.51}{\376\377\000\326\000r\000n\000e\000k\000\040\0006\000.\0003\000.\0001}{section.36}% 10
\BOOKMARK [2][-]{section*.59}{\376\377\000\326\000r\000n\000e\000k\000\040\0006\000.\0003\000.\0002}{section.36}% 11
\BOOKMARK [2][-]{section*.74}{\376\377\000H\000i\000p\000e\000r\000b\000o\000l\000i\000k\000\040\000S\000a\000b\000i\000t\000\040\000N\000o\000k\000t\000a\000l\000a\000r\000,\000\040\000T\000o\000p\000o\000l\000o\000j\000i\000k\000\040\000E\001\137\000d\000e\001\037\000e\000r\000l\000i\000k\000\040\000v\000e\000\040\000Y\000a\000p\001\061\000s\000a\000l\000\040\000K\000a\000r\000a\000r\000l\001\061\000l\001\061\000k}{section.36}% 12
\BOOKMARK [1][-]{section.75}{\376\377\000T\000a\000v\001\137\000a\000n\000l\000a\000r\000a\000\040\000K\000a\000r\001\137\001\061\000\040\000K\000o\000y\000u\000n\000l\000a\000r}{chapter.3}% 13
\BOOKMARK [1][-]{section.91}{\376\377\000K\000o\000r\000u\000n\000u\000m\000l\000u\000\040\000S\000i\000s\000t\000e\000m\000l\000e\000r}{chapter.3}% 14
\BOOKMARK [2][-]{equation.96}{\376\377\000\326\000r\000n\000e\000k\000\040\0006\000.\0005\000.\0001}{section.91}% 15
\BOOKMARK [2][-]{equation.96}{\376\377\000\326\000r\000n\000e\000k\000\040\0006\000.\0005\000.\0002}{section.91}% 16
\BOOKMARK [2][-]{figure.105}{\376\377\000\326\000r\000n\000e\000k\000\040\0006\000.\0005\000.\0003}{section.91}% 17
\BOOKMARK [2][-]{figure.106}{\376\377\000D\000o\001\037\000r\000u\000s\000a\000l\000\040\000O\000l\000m\000a\000y\000a\000n\000\040\000M\000e\000r\000k\000e\000z\000l\000e\000r}{section.91}% 18
\BOOKMARK [1][-]{section.107}{\376\377\000T\000e\000r\000s\000i\000n\000i\000r\000\040\000S\000i\000s\000t\000e\000m\000l\000e\000r}{chapter.3}% 19
\BOOKMARK [2][-]{figure.118}{\376\377\000\326\000r\000n\000e\000k\000\040\0006\000.\0006\000.\0001}{section.107}% 20
\BOOKMARK [2][-]{figure.122}{\376\377\000\326\000r\000n\000e\000k\000\040\0006\000.\0006\000.\0002}{section.107}% 21
\BOOKMARK [2][-]{figure.126}{\376\377\000\326\000r\000n\000e\000k\000\040\0006\000.\0006\000.\0003}{section.107}% 22
\BOOKMARK [1][-]{section.133}{\376\377\000S\000a\000r\000k\000a\000\347}{chapter.3}% 23
\BOOKMARK [2][-]{figure.144}{\376\377\000S\000i\000l\000i\000n\000d\000i\000r\000i\000k\000\040\000F\000a\000z\000\040\000U\000z\000a\000y\001\061}{section.133}% 24
\BOOKMARK [2][-]{figure.147}{\376\377\000S\000\366\000n\000\374\000m}{section.133}% 25
\BOOKMARK [1][-]{section.152}{\376\377\001\060\000n\000d\000e\000k\000s\000\040\000T\000e\000o\000r\000i\000s\000i}{chapter.3}% 26
\BOOKMARK [2][-]{figure.154}{\376\377\000S\000a\000b\000i\000t\000\040\000N\000o\000k\000t\000a\000l\000a\000r\001\061\000n\000\040\001\060\000n\000d\000e\000k\000s\000i}{section.152}% 27
\BOOKMARK [2][-]{equation.156}{\376\377\001\060\000n\000d\000e\000k\000s\000l\000e\000r\000i\000n\000\040\000T\000o\000p\000l\000a\000n\000m\000a\000s\001\061}{section.152}% 28
\BOOKMARK [2][-]{figure.160}{\376\377\000\326\000r\000n\000e\000k\000\040\0006\000.\0008\000.\0001}{section.152}% 29
\BOOKMARK [2][-]{figure.161}{\376\377\000\326\000r\000n\000e\000k\000\040\0006\000.\0008\000.\0002}{section.152}% 30
\BOOKMARK [2][-]{figure.163}{\376\377\000S\001\061\000n\001\061\000r\000l\000a\000r\000\040\000v\000e\000\040\000K\000u\000l\000l\000a\000n\001\061\000m}{section.152}% 31
\BOOKMARK [0][-]{section*.168}{\376\377\000A\000l\001\061\001\137\000t\001\061\000r\000m\000a\000l\000a\000r\000\040\000v\000e\000\040\000\307\000\366\000z\000\374\000m\000l\000e\000r\000i}{}% 32
\BOOKMARK [1][-]{section*.169}{\376\377\0006\000.\0001\000\040\000F\000a\000z\000\040\000P\000o\000r\000t\000r\000e\000l\000e\000r\000i}{section*.168}% 33
\BOOKMARK [2][-]{section*.170}{\376\377\000A\000l\001\061\001\137\000t\001\061\000r\000m\000a\000\040\0006\000.\0001\000.\0001}{section*.169}% 34
\BOOKMARK [2][-]{section*.175}{\376\377\000A\000l\001\061\001\137\000t\001\061\000r\000m\000a\000\040\0006\000.\0001\000.\0002}{section*.169}% 35
\BOOKMARK [1][-]{section*.180}{\376\377\0006\000.\0002\000\040\000D\000o\001\037\000r\000u\000s\000a\000l\000\040\000S\000i\000s\000t\000e\000m\000l\000e\000r\000\040\000v\000e\000\040\000L\000i\000n\000e\000e\000r\000l\000e\001\137\000t\000i\000r\000m\000e}{section*.168}% 36
\BOOKMARK [2][-]{section*.181}{\376\377\000A\000l\001\061\001\137\000t\001\061\000r\000m\000a\000\040\0006\000.\0002\000.\0001}{section*.180}% 37
\BOOKMARK [2][-]{section*.186}{\376\377\000A\000l\001\061\001\137\000t\001\061\000r\000m\000a\000\040\0006\000.\0002\000.\0002}{section*.180}% 38
\BOOKMARK [1][-]{section*.191}{\376\377\0006\000.\0003\000\040\000V\000a\000r\000o\000l\000u\001\137\000,\000\040\000T\000e\000k\000l\000i\000k\000\040\000v\000e\000\040\000T\000o\000p\000o\000l\000o\000j\000i\000k\000\040\000S\000o\000n\000u\000\347\000l\000a\000r}{section*.168}% 39
\BOOKMARK [2][-]{section*.192}{\376\377\000A\000l\001\061\001\137\000t\001\061\000r\000m\000a\000\040\0006\000.\0003\000.\0001}{section*.191}% 40
\BOOKMARK [2][-]{section*.193}{\376\377\000A\000l\001\061\001\137\000t\001\061\000r\000m\000a\000\040\0006\000.\0003\000.\0002}{section*.191}% 41
\BOOKMARK [1][-]{section*.194}{\376\377\0006\000.\0004\000\040\000L\000i\000m\000i\000t\000\040\000\307\000e\000v\000r\000i\000m\000l\000e\000r}{section*.168}% 42
\BOOKMARK [2][-]{section*.195}{\376\377\000A\000l\001\061\001\137\000t\001\061\000r\000m\000a\000\040\0006\000.\0004\000.\0001}{section*.194}% 43
\BOOKMARK [2][-]{section*.198}{\376\377\000A\000l\001\061\001\137\000t\001\061\000r\000m\000a\000\040\0006\000.\0004\000.\0002}{section*.194}% 44
\BOOKMARK [1][-]{section*.201}{\376\377\0006\000.\0005\000\040\000K\000o\000r\000u\000n\000u\000m\000l\000u\000\040\000S\000i\000s\000t\000e\000m\000l\000e\000r}{section*.168}% 45
\BOOKMARK [2][-]{section*.202}{\376\377\000A\000l\001\061\001\137\000t\001\061\000r\000m\000a\000\040\0006\000.\0005\000.\0001}{section*.201}% 46
\BOOKMARK [2][-]{section*.209}{\376\377\000A\000l\001\061\001\137\000t\001\061\000r\000m\000a\000\040\0006\000.\0005\000.\0002}{section*.201}% 47
\BOOKMARK [1][-]{section*.210}{\376\377\0006\000.\0006\000\040\000T\000e\000r\000s\000i\000n\000i\000r\000\040\000S\000i\000s\000t\000e\000m\000l\000e\000r}{section*.168}% 48
\BOOKMARK [2][-]{section*.211}{\376\377\000A\000l\001\061\001\137\000t\001\061\000r\000m\000a\000\040\0006\000.\0006\000.\0001}{section*.210}% 49
\BOOKMARK [2][-]{section*.216}{\376\377\000A\000l\001\061\001\137\000t\001\061\000r\000m\000a\000\040\0006\000.\0006\000.\0002}{section*.210}% 50
\BOOKMARK [1][-]{section*.217}{\376\377\0006\000.\0007\000\040\000S\000a\000r\000k\000a\000\347}{section*.168}% 51
\BOOKMARK [2][-]{section*.218}{\376\377\000A\000l\001\061\001\137\000t\001\061\000r\000m\000a\000\040\0006\000.\0007\000.\0001}{section*.217}% 52
\BOOKMARK [2][-]{section*.222}{\376\377\000A\000l\001\061\001\137\000t\001\061\000r\000m\000a\000\040\0006\000.\0007\000.\0002}{section*.217}% 53
\BOOKMARK [1][-]{section*.228}{\376\377\0006\000.\0008\000\040\001\060\000n\000d\000e\000k\000s\000\040\000T\000e\000o\000r\000i\000s\000i}{section*.168}% 54
\BOOKMARK [2][-]{section*.229}{\376\377\000A\000l\001\061\001\137\000t\001\061\000r\000m\000a\000\040\0006\000.\0008\000.\0001}{section*.228}% 55
\BOOKMARK [2][-]{section*.231}{\376\377\000A\000l\001\061\001\137\000t\001\061\000r\000m\000a\000\040\0006\000.\0008\000.\0002}{section*.228}% 56
\BOOKMARK [0][-]{section*.234}{\376\377\000S\000o\000n\000u\000\347}{}% 57
